--------------------------------------------------------------------------------------
Timing Analyzer Summary
--------------------------------------------------------------------------------------

Type           : Worst-case tsu
Slack          : N/A
Required Time  : None
Actual Time    : 23.774 ns
From           : data_operandB[0]
To             : DFFx:pipe[1].DivBitNum[28].div_BOO2|q
From Clock     : --
To Clock       : clock
Failed Paths   : 0

Type           : Worst-case tco
Slack          : N/A
Required Time  : None
Actual Time    : 35.243 ns
From           : DFFx:pipe[16].DivBitNumLast[0].div_rem|q
To             : data_result[22]
From Clock     : clock
To Clock       : --
Failed Paths   : 0

Type           : Worst-case th
Slack          : N/A
Required Time  : None
Actual Time    : 0.316 ns
From           : data_operandA[31]
To             : DFFx:pipe[1].DivBitNum[5].div_rem|q
From Clock     : --
To Clock       : clock
Failed Paths   : 0

Type           : Clock Setup: 'clock'
Slack          : N/A
Required Time  : None
Actual Time    : 61.42 MHz ( period = 16.282 ns )
From           : DFFx:pipe[13].DivBitNum[5].div_rem|q
To             : DFFx:pipe[14].DivBitNum[7].div_rem|q
From Clock     : clock
To Clock       : clock
Failed Paths   : 0

Type           : Total number of failed paths
Slack          : 
Required Time  : 
Actual Time    : 
From           : 
To             : 
From Clock     : 
To Clock       : 
Failed Paths   : 0

--------------------------------------------------------------------------------------

