------------------------------------------------------------
TimeQuest Timing Analyzer Summary
------------------------------------------------------------

Type  : Slow 1200mV 85C Model Setup 'p1|altpll_component|auto_generated|pll1|clk[0]'
Slack : -26.245
TNS   : -89.606

Type  : Slow 1200mV 85C Model Setup 'out_100hz'
Slack : -23.079
TNS   : -20371.524

Type  : Slow 1200mV 85C Model Setup 'CLOCK_50'
Slack : -3.897
TNS   : -173.525

Type  : Slow 1200mV 85C Model Hold 'CLOCK_50'
Slack : -0.043
TNS   : -0.043

Type  : Slow 1200mV 85C Model Hold 'out_100hz'
Slack : 0.386
TNS   : 0.000

Type  : Slow 1200mV 85C Model Hold 'p1|altpll_component|auto_generated|pll1|clk[0]'
Slack : 0.433
TNS   : 0.000

Type  : Slow 1200mV 85C Model Recovery 'p1|altpll_component|auto_generated|pll1|clk[0]'
Slack : -2.732
TNS   : -96.594

Type  : Slow 1200mV 85C Model Removal 'p1|altpll_component|auto_generated|pll1|clk[0]'
Slack : 2.165
TNS   : 0.000

Type  : Slow 1200mV 85C Model Minimum Pulse Width 'CLOCK_50'
Slack : -3.000
TNS   : -72.390

Type  : Slow 1200mV 85C Model Minimum Pulse Width 'out_100hz'
Slack : -2.693
TNS   : -2383.125

Type  : Slow 1200mV 85C Model Minimum Pulse Width 'CLOCK2_50'
Slack : 9.893
TNS   : 0.000

Type  : Slow 1200mV 85C Model Minimum Pulse Width 'p1|altpll_component|auto_generated|pll1|clk[0]'
Slack : 19.699
TNS   : 0.000

Type  : Slow 1200mV 0C Model Setup 'p1|altpll_component|auto_generated|pll1|clk[0]'
Slack : -21.832
TNS   : -75.440

Type  : Slow 1200mV 0C Model Setup 'out_100hz'
Slack : -21.421
TNS   : -18932.883

Type  : Slow 1200mV 0C Model Setup 'CLOCK_50'
Slack : -3.422
TNS   : -153.245

Type  : Slow 1200mV 0C Model Hold 'CLOCK_50'
Slack : -0.032
TNS   : -0.032

Type  : Slow 1200mV 0C Model Hold 'out_100hz'
Slack : 0.344
TNS   : 0.000

Type  : Slow 1200mV 0C Model Hold 'p1|altpll_component|auto_generated|pll1|clk[0]'
Slack : 0.390
TNS   : 0.000

Type  : Slow 1200mV 0C Model Recovery 'p1|altpll_component|auto_generated|pll1|clk[0]'
Slack : -2.397
TNS   : -83.628

Type  : Slow 1200mV 0C Model Removal 'p1|altpll_component|auto_generated|pll1|clk[0]'
Slack : 1.925
TNS   : 0.000

Type  : Slow 1200mV 0C Model Minimum Pulse Width 'CLOCK_50'
Slack : -3.000
TNS   : -72.390

Type  : Slow 1200mV 0C Model Minimum Pulse Width 'out_100hz'
Slack : -2.649
TNS   : -2378.725

Type  : Slow 1200mV 0C Model Minimum Pulse Width 'CLOCK2_50'
Slack : 9.893
TNS   : 0.000

Type  : Slow 1200mV 0C Model Minimum Pulse Width 'p1|altpll_component|auto_generated|pll1|clk[0]'
Slack : 19.703
TNS   : 0.000

Type  : Fast 1200mV 0C Model Setup 'out_100hz'
Slack : -11.429
TNS   : -9860.697

Type  : Fast 1200mV 0C Model Setup 'p1|altpll_component|auto_generated|pll1|clk[0]'
Slack : -2.410
TNS   : -18.330

Type  : Fast 1200mV 0C Model Setup 'CLOCK_50'
Slack : -1.328
TNS   : -54.730

Type  : Fast 1200mV 0C Model Hold 'CLOCK_50'
Slack : -0.123
TNS   : -0.123

Type  : Fast 1200mV 0C Model Hold 'out_100hz'
Slack : 0.167
TNS   : 0.000

Type  : Fast 1200mV 0C Model Hold 'p1|altpll_component|auto_generated|pll1|clk[0]'
Slack : 0.188
TNS   : 0.000

Type  : Fast 1200mV 0C Model Recovery 'p1|altpll_component|auto_generated|pll1|clk[0]'
Slack : -1.012
TNS   : -33.300

Type  : Fast 1200mV 0C Model Removal 'p1|altpll_component|auto_generated|pll1|clk[0]'
Slack : 1.007
TNS   : 0.000

Type  : Fast 1200mV 0C Model Minimum Pulse Width 'CLOCK_50'
Slack : -3.000
TNS   : -60.143

Type  : Fast 1200mV 0C Model Minimum Pulse Width 'out_100hz'
Slack : -1.000
TNS   : -1745.000

Type  : Fast 1200mV 0C Model Minimum Pulse Width 'CLOCK2_50'
Slack : 9.600
TNS   : 0.000

Type  : Fast 1200mV 0C Model Minimum Pulse Width 'p1|altpll_component|auto_generated|pll1|clk[0]'
Slack : 19.761
TNS   : 0.000

------------------------------------------------------------
