MIF/HEX Update report for skeleton
Sun Apr 19 16:17:52 2015
Quartus II Version 9.1 Build 350 03/24/2010 Service Pack 2 SJ Web Edition


---------------------
; Table of Contents ;
---------------------
  1. Legal Notice
  2. MIF/HEX Update Summary
  3. MIF/HEX Update Processed Files
  4. MIF/HEX Update Messages



----------------
; Legal Notice ;
----------------
Copyright (C) 1991-2010 Altera Corporation
Your use of Altera Corporation's design tools, logic functions 
and other software and tools, and its AMPP partner logic 
functions, and any output files from any of the foregoing 
(including device programming or simulation files), and any 
associated documentation or information are expressly subject 
to the terms and conditions of the Altera Program License 
Subscription Agreement, Altera MegaCore Function License 
Agreement, or other applicable license agreement, including, 
without limitation, that your use is for the sole purpose of 
programming logic devices manufactured by Altera and sold by 
Altera or its authorized distributors.  Please refer to the 
applicable agreement for further details.



+---------------------------------------------------------------+
; MIF/HEX Update Summary                                        ;
+-----------------------+---------------------------------------+
; MIF/HEX Update Status ; Successful - Sun Apr 19 16:17:52 2015 ;
; Revision Name         ; skeleton                              ;
; Top-level Entity Name ; skeleton                              ;
; Family                ; Cyclone IV E                          ;
; Device                ; EP4CE115F29C7                         ;
+-----------------------+---------------------------------------+


+------------------------------------------------------------------------+
; MIF/HEX Update Processed Files                                         ;
+------------------------------------------------------------------------+
; File Name                                                              ;
+------------------------------------------------------------------------+
; C:/Users/Juwan Hong/Desktop/FinalProject ECE v 3.0/GridDataInitial.mif ;
; C:/Users/Juwan Hong/Desktop/FinalProject ECE v 3.0/colormemmifreal.mif ;
; C:/Users/Juwan Hong/Desktop/FinalProject ECE v 3.0/dmem.mif            ;
; C:/Users/Juwan Hong/Desktop/FinalProject ECE v 3.0/imem.mif            ;
+------------------------------------------------------------------------+


+-------------------------+
; MIF/HEX Update Messages ;
+-------------------------+
Info: *******************************************************************
Info: Running Quartus II MIF/HEX Update
    Info: Version 9.1 Build 350 03/24/2010 Service Pack 2 SJ Web Edition
    Info: Processing started: Sun Apr 19 16:17:48 2015
Info: Command: quartus_cdb skeleton -c skeleton --update_mif
Warning: Tcl Script File pll.qip not found
    Info: set_global_assignment -name QIP_FILE pll.qip
Warning: 26 out of 32 addresses are uninitialized. The Quartus II software will initialize them to "0". There are 1 warnings found, and 1 warnings are reported.
    Warning: Addresses ranging from 6 to 31 are not initialized
Warning: 4073 out of 4096 addresses are uninitialized. The Quartus II software will initialize them to "0". There are 1 warnings found, and 1 warnings are reported.
    Warning: Addresses ranging from 23 to 4095 are not initialized
Warning: 4090 out of 4096 addresses are uninitialized. The Quartus II software will initialize them to "0". There are 1 warnings found, and 1 warnings are reported.
    Warning: Addresses ranging from 6 to 4095 are not initialized
Warning: 4035 out of 4096 addresses are uninitialized. The Quartus II software will initialize them to "0". There are 1 warnings found, and 1 warnings are reported.
    Warning: Addresses ranging from 61 to 4095 are not initialized
Info: Processed the following Memory Initialization File(s)
    Info: Processed Memory Initialization File C:/Users/Juwan Hong/Desktop/FinalProject ECE v 3.0/GridDataInitial.mif
    Info: Processed Memory Initialization File C:/Users/Juwan Hong/Desktop/FinalProject ECE v 3.0/colormemmifreal.mif
    Info: Processed Memory Initialization File C:/Users/Juwan Hong/Desktop/FinalProject ECE v 3.0/dmem.mif
    Info: Processed Memory Initialization File C:/Users/Juwan Hong/Desktop/FinalProject ECE v 3.0/imem.mif
Info: Quartus II MIF/HEX Update was successful. 0 errors, 9 warnings
    Info: Peak virtual memory: 229 megabytes
    Info: Processing ended: Sun Apr 19 16:17:52 2015
    Info: Elapsed time: 00:00:04
    Info: Total CPU time (on all processors): 00:00:03


